// Jest Snapshot v1, https://goo.gl/fbAQLP

exports[`samples post samples and get back the time until the next sample 1`] = `
Array [
  Object {
    "boardId": 1,
    "reading": 1,
    "sensorId": 0,
  },
  Object {
    "boardId": 1,
    "reading": 2,
    "sensorId": 1,
  },
  Object {
    "boardId": 1,
    "reading": 3,
    "sensorId": 2,
  },
  Object {
    "boardId": 2,
    "reading": 4,
    "sensorId": 0,
  },
  Object {
    "boardId": 2,
    "reading": 5,
    "sensorId": 1,
  },
  Object {
    "boardId": 2,
    "reading": 6,
    "sensorId": 2,
  },
]
`;
